ARM Linker, 5.03 [Build 76] [MDK-ARM Standard]

==============================================================================

Section Cross References

    startup_stm32f10x_hd.o(RESET) refers to startup_stm32f10x_hd.o(STACK) for __initial_sp
    startup_stm32f10x_hd.o(RESET) refers to startup_stm32f10x_hd.o(.text) for Reset_Handler
    startup_stm32f10x_hd.o(RESET) refers to stm32f10x_it.o(.text) for NMI_Handler
    startup_stm32f10x_hd.o(.text) refers to system_stm32f10x.o(.text) for SystemInit
    startup_stm32f10x_hd.o(.text) refers to entry.o(.ARM.Collect$$$$00000000) for __main
    system_stm32f10x.o(.text) refers to system_stm32f10x.o(.data) for SystemCoreClock
    stm32f10x_adc.o(.text) refers to stm32f10x_rcc.o(.text) for RCC_APB2PeriphResetCmd
    stm32f10x_bkp.o(.text) refers to stm32f10x_rcc.o(.text) for RCC_BackupResetCmd
    stm32f10x_can.o(.text) refers to stm32f10x_rcc.o(.text) for RCC_APB1PeriphResetCmd
    stm32f10x_cec.o(.text) refers to stm32f10x_rcc.o(.text) for RCC_APB1PeriphResetCmd
    stm32f10x_dac.o(.text) refers to stm32f10x_rcc.o(.text) for RCC_APB1PeriphResetCmd
    stm32f10x_gpio.o(.text) refers to stm32f10x_rcc.o(.text) for RCC_APB2PeriphResetCmd
    stm32f10x_i2c.o(.text) refers to stm32f10x_rcc.o(.text) for RCC_APB1PeriphResetCmd
    stm32f10x_pwr.o(.text) refers to stm32f10x_rcc.o(.text) for RCC_APB1PeriphResetCmd
    stm32f10x_rcc.o(.text) refers to stm32f10x_rcc.o(.data) for APBAHBPrescTable
    stm32f10x_spi.o(.text) refers to stm32f10x_rcc.o(.text) for RCC_APB2PeriphResetCmd
    stm32f10x_tim.o(.text) refers to stm32f10x_rcc.o(.text) for RCC_APB2PeriphResetCmd
    stm32f10x_usart.o(.text) refers to stm32f10x_rcc.o(.text) for RCC_APB2PeriphResetCmd
    stm32f10x_wwdg.o(.text) refers to stm32f10x_rcc.o(.text) for RCC_APB1PeriphResetCmd
    main.o(.text) refers to bsp_ili9341_lcd.o(.text) for LCD_Init
    main.o(.text) refers to bsp_sdfs_app.o(.text) for Sd_fs_init
    main.o(.text) refers to bsp_usart1.o(.text) for USART1_Config
    main.o(.text) refers to bsp_systick.o(.text) for SysTick_Init
    main.o(.text) refers to bsp_led.o(.text) for LED_GPIO_Config
    main.o(.text) refers to bsp_spi_flash.o(.text) for SPI_FLASH_Init
    main.o(.text) refers to bsp_touch.o(.text) for Touch_Init
    main.o(.text) refers to bsp_dht11.o(.text) for DHT11_GPIO_Config
    main.o(.text) refers to bsp_rtc.o(.text) for RTC_NVIC_Config
    main.o(.text) refers to stm32f10x_gpio.o(.text) for GPIO_SetBits
    main.o(.text) refers to printfa.o(i.__0printf) for __2printf
    main.o(.text) refers to bsp_bmp.o(.text) for Lcd_show_bmp
    main.o(.text) refers to ff.o(.text) for f_mount
    main.o(.text) refers to main.o(.bss) for systmtime
    main.o(.text) refers to bsp_touch.o(.data) for cal_flag
    main.o(.text) refers to main.o(.data) for res
    stm32f10x_it.o(.text) refers to printfa.o(i.__0printf) for __2printf
    stm32f10x_it.o(.text) refers to bsp_systick.o(.text) for TimingDelay_Decrement
    stm32f10x_it.o(.text) refers to stm32f10x_exti.o(.text) for EXTI_GetITStatus
    stm32f10x_it.o(.text) refers to even_process.o(.text) for touch_process
    stm32f10x_it.o(.text) refers to bsp_sdio_sdcard.o(.text) for SD_ProcessIRQSrc
    stm32f10x_it.o(.text) refers to bsp_usart1.o(.text) for UsartReceive
    stm32f10x_it.o(.text) refers to stm32f10x_rtc.o(.text) for RTC_GetITStatus
    stm32f10x_it.o(.text) refers to stm32f10x_it.o(.data) for touch_flag
    stm32f10x_it.o(.text) refers to bsp_rtc.o(.data) for TimeDisplay
    bsp_usart1.o(.text) refers to misc.o(.text) for NVIC_PriorityGroupConfig
    bsp_usart1.o(.text) refers to stm32f10x_rcc.o(.text) for RCC_APB2PeriphClockCmd
    bsp_usart1.o(.text) refers to stm32f10x_gpio.o(.text) for GPIO_Init
    bsp_usart1.o(.text) refers to stm32f10x_usart.o(.text) for USART_Init
    bsp_usart1.o(.text) refers to printfa.o(i.__0printf) for __2printf
    bsp_usart1.o(.text) refers to bsp_usart1.o(.data) for recv_char
    bsp_usart1.o(.text) refers to main.o(.data) for DHT11_Data
    bsp_sdio_sdcard.o(.text) refers to stm32f10x_sdio.o(.text) for SDIO_ClockCmd
    bsp_sdio_sdcard.o(.text) refers to stm32f10x_rcc.o(.text) for RCC_AHBPeriphClockCmd
    bsp_sdio_sdcard.o(.text) refers to stm32f10x_gpio.o(.text) for GPIO_Init
    bsp_sdio_sdcard.o(.text) refers to misc.o(.text) for NVIC_PriorityGroupConfig
    bsp_sdio_sdcard.o(.text) refers to stm32f10x_dma.o(.text) for DMA_GetFlagStatus
    bsp_sdio_sdcard.o(.text) refers to bsp_sdio_sdcard.o(.bss) for SDIO_CmdInitStructure
    bsp_sdio_sdcard.o(.text) refers to bsp_sdio_sdcard.o(.data) for RCA
    bsp_ili9341_lcd.o(.text) refers to stm32f10x_rcc.o(.text) for RCC_AHBPeriphClockCmd
    bsp_ili9341_lcd.o(.text) refers to stm32f10x_gpio.o(.text) for GPIO_Init
    bsp_ili9341_lcd.o(.text) refers to stm32f10x_fsmc.o(.text) for FSMC_NORSRAMInit
    bsp_ili9341_lcd.o(.text) refers to bsp_sdfs_app.o(.text) for GetGBKCode_from_sd
[...]
    ..\..\Libraries\FWlib\src\stm32f10x_dac.c 0x00000000   Number         0  stm32f10x_dac.o ABSOLUTE
    ..\..\Libraries\FWlib\src\stm32f10x_dbgmcu.c 0x00000000   Number         0  stm32f10x_dbgmcu.o ABSOLUTE
    ..\..\Libraries\FWlib\src\stm32f10x_dma.c 0x00000000   Number         0  stm32f10x_dma.o ABSOLUTE
    ..\..\Libraries\FWlib\src\stm32f10x_exti.c 0x00000000   Number         0  stm32f10x_exti.o ABSOLUTE
    ..\..\Libraries\FWlib\src\stm32f10x_flash.c 0x00000000   Number         0  stm32f10x_flash.o ABSOLUTE
    ..\..\Libraries\FWlib\src\stm32f10x_fsmc.c 0x00000000   Number         0  stm32f10x_fsmc.o ABSOLUTE
    ..\..\Libraries\FWlib\src\stm32f10x_gpio.c 0x00000000   Number         0  stm32f10x_gpio.o ABSOLUTE
    ..\..\Libraries\FWlib\src\stm32f10x_i2c.c 0x00000000   Number         0  stm32f10x_i2c.o ABSOLUTE
    ..\..\Libraries\FWlib\src\stm32f10x_iwdg.c 0x00000000   Number         0  stm32f10x_iwdg.o ABSOLUTE
    ..\..\Libraries\FWlib\src\stm32f10x_pwr.c 0x00000000   Number         0  stm32f10x_pwr.o ABSOLUTE
    ..\..\Libraries\FWlib\src\stm32f10x_rcc.c 0x00000000   Number         0  stm32f10x_rcc.o ABSOLUTE
    ..\..\Libraries\FWlib\src\stm32f10x_rtc.c 0x00000000   Number         0  stm32f10x_rtc.o ABSOLUTE
    ..\..\Libraries\FWlib\src\stm32f10x_sdio.c 0x00000000   Number         0  stm32f10x_sdio.o ABSOLUTE
    ..\..\Libraries\FWlib\src\stm32f10x_spi.c 0x00000000   Number         0  stm32f10x_spi.o ABSOLUTE
    ..\..\Libraries\FWlib\src\stm32f10x_tim.c 0x00000000   Number         0  stm32f10x_tim.o ABSOLUTE
    ..\..\Libraries\FWlib\src\stm32f10x_usart.c 0x00000000   Number         0  stm32f10x_usart.o ABSOLUTE
    ..\..\Libraries\FWlib\src\stm32f10x_wwdg.c 0x00000000   Number         0  stm32f10x_wwdg.o ABSOLUTE
    ..\..\User\SysTick\bsp_SysTick.c         0x00000000   Number         0  bsp_systick.o ABSOLUTE
    ..\..\User\dht11\bsp_dht11.c             0x00000000   Number         0  bsp_dht11.o ABSOLUTE
    ..\..\User\even_process.c                0x00000000   Number         0  even_process.o ABSOLUTE
    ..\..\User\ff9\diskio.c                  0x00000000   Number         0  diskio.o ABSOLUTE
    ..\..\User\ff9\ff.c                      0x00000000   Number         0  ff.o ABSOLUTE
    ..\..\User\ff9\option\ccsbcs.c           0x00000000   Number         0  ccsbcs.o ABSOLUTE
    ..\..\User\lcd\bsp_gpio_spi.c            0x00000000   Number         0  bsp_gpio_spi.o ABSOLUTE
    ..\..\User\lcd\bsp_ili9341_lcd.c         0x00000000   Number         0  bsp_ili9341_lcd.o ABSOLUTE
    ..\..\User\lcd\bsp_touch.c               0x00000000   Number         0  bsp_touch.o ABSOLUTE
    ..\..\User\led\bsp_led.c                 0x00000000   Number         0  bsp_led.o ABSOLUTE
    ..\..\User\main.c                        0x00000000   Number         0  main.o ABSOLUTE
    ..\..\User\rtc\bsp_date.c                0x00000000   Number         0  bsp_date.o ABSOLUTE
    ..\..\User\rtc\bsp_rtc.c                 0x00000000   Number         0  bsp_rtc.o ABSOLUTE
    ..\..\User\sdcard\bsp_bmp.c              0x00000000   Number         0  bsp_bmp.o ABSOLUTE
    ..\..\User\sdcard\bsp_sdfs_app.c         0x00000000   Number         0  bsp_sdfs_app.o ABSOLUTE
    ..\..\User\sdcard\bsp_sdio_sdcard.c      0x00000000   Number         0  bsp_sdio_sdcard.o ABSOLUTE
    ..\..\User\spi\bsp_spi_flash.c           0x00000000   Number         0  bsp_spi_flash.o ABSOLUTE
    ..\..\User\stm32f10x_it.c                0x00000000   Number         0  stm32f10x_it.o ABSOLUTE
    ..\..\User\usart\bsp_usart1.c            0x00000000   Number         0  bsp_usart1.o ABSOLUTE
    ..\\..\\Libraries\\CMSIS\\core_cm3.c     0x00000000   Number         0  core_cm3.o ABSOLUTE
    cdcmple.s                                0x00000000   Number         0  cdcmple.o ABSOLUTE
    cdrcmple.s                               0x00000000   Number         0  cdrcmple.o ABSOLUTE
    dc.s                                     0x00000000   Number         0  dc.o ABSOLUTE
    handlers.s                               0x00000000   Number         0  handlers.o ABSOLUTE
    init.s                                   0x00000000   Number         0  init.o ABSOLUTE
    RESET                                    0x08000000   Section      304  startup_stm32f10x_hd.o(RESET)
    .ARM.Collect$$$$00000000                 0x08000130   Section        0  entry.o(.ARM.Collect$$$$00000000)
    .ARM.Collect$$$$00000001                 0x08000130   Section        4  entry2.o(.ARM.Collect$$$$00000001)
    .ARM.Collect$$$$00000004                 0x08000134   Section        4  entry5.o(.ARM.Collect$$$$00000004)
    .ARM.Collect$$$$00000008                 0x08000138   Section        0  entry7b.o(.ARM.Collect$$$$00000008)
    .ARM.Collect$$$$0000000A                 0x08000138   Section        0  entry8b.o(.ARM.Collect$$$$0000000A)
    .ARM.Collect$$$$0000000B                 0x08000138   Section        8  entry9a.o(.ARM.Collect$$$$0000000B)
    .ARM.Collect$$$$0000000D                 0x08000140   Section        0  entry10a.o(.ARM.Collect$$$$0000000D)
    .ARM.Collect$$$$0000000F                 0x08000140   Section        0  entry11a.o(.ARM.Collect$$$$0000000F)
    .ARM.Collect$$$$00002712                 0x08000140   Section        4  entry2.o(.ARM.Collect$$$$00002712)
    __lit__00000000                          0x08000140   Data           4  entry2.o(.ARM.Collect$$$$00002712)
    .text                                    0x08000144   Section       36  startup_stm32f10x_hd.o(.text)
    .text                                    0x08000168   Section        0  system_stm32f10x.o(.text)
    SetSysClockTo72                          0x08000169   Thumb Code   212  system_stm32f10x.o(.text)
    SetSysClock                              0x0800023d   Thumb Code     8  system_stm32f10x.o(.text)
    .text                                    0x08000344   Section        0  misc.o(.text)
    .text                                    0x08000420   Section        0  stm32f10x_dma.o(.text)
    .text                                    0x08000670   Section        0  stm32f10x_exti.o(.text)
    .text                                    0x0800078c   Section        0  stm32f10x_fsmc.o(.text)
    .text                                    0x08000da4   Section        0  stm32f10x_gpio.o(.text)
    .text                                    0x080010fc   Section        0  stm32f10x_rcc.o(.text)
    .text                                    0x080014a0   Section        0  stm32f10x_rtc.o(.text)
    .text                                    0x080015e4   Section        0  stm32f10x_sdio.o(.text)
    .text                                    0x080017bc   Section        0  stm32f10x_spi.o(.text)
    .text                                    0x08001ac8   Section        0  stm32f10x_usart.o(.text)
    .text                                    0x08001ed0   Section        0  main.o(.text)
    .text                                    0x08002000   Section        0  stm32f10x_it.o(.text)
    .text                                    0x0800208c   Section        0  bsp_usart1.o(.text)
    NVIC_Configuration                       0x0800208d   Thumb Code    42  bsp_usart1.o(.text)
    .text                                    0x08002268   Section        0  bsp_sdio_sdcard.o(.text)
    SD_DMAEndOfTransferStatus                0x080022d3   Thumb Code    10  bsp_sdio_sdcard.o(.text)
    SD_DMA_RxConfig                          0x080022dd   Thumb Code    86  bsp_sdio_sdcard.o(.text)
    SD_DMA_TxConfig                          0x08002333   Thumb Code    86  bsp_sdio_sdcard.o(.text)
    GPIO_Configuration                       0x08002389   Thumb Code    70  bsp_sdio_sdcard.o(.text)
    CmdResp1Error                            0x080023cf   Thumb Code    38  bsp_sdio_sdcard.o(.text)
    FindSCR                                  0x080023f5   Thumb Code   394  bsp_sdio_sdcard.o(.text)
    SDEnWideBus                              0x0800257f   Thumb Code   308  bsp_sdio_sdcard.o(.text)
    CmdResp2Error                            0x08002a55   Thumb Code    96  bsp_sdio_sdcard.o(.text)
    CmdResp6Error                            0x08002ab5   Thumb Code   150  bsp_sdio_sdcard.o(.text)
    CmdResp3Error                            0x08002c71   Thumb Code    50  bsp_sdio_sdcard.o(.text)
    CmdResp7Error                            0x08002ca3   Thumb Code    72  bsp_sdio_sdcard.o(.text)
    CmdError                                 0x08002ceb   Thumb Code    44  bsp_sdio_sdcard.o(.text)
    IsCardProgramming                        0x080035af   Thumb Code   430  bsp_sdio_sdcard.o(.text)
    .text                                    0x080038f8   Section        0  bsp_ili9341_lcd.o(.text)
    .text                                    0x08004108   Section        0  bsp_sdfs_app.o(.text)
    .text                                    0x080043e4   Section        0  bsp_bmp.o(.text)
    showBmpHead                              0x080043e5   Thumb Code     2  bsp_bmp.o(.text)
    showBmpInforHead                         0x080043e7   Thumb Code     2  bsp_bmp.o(.text)
    .text                                    0x08004534   Section        0  bsp_spi_flash.o(.text)
    .text                                    0x080049b0   Section        0  bsp_systick.o(.text)
    .text                                    0x08004a54   Section        0  bsp_led.o(.text)
    .text                                    0x08004ab4   Section        0  bsp_gpio_spi.o(.text)
    TP_INT_NVIC_Config                       0x08004ab5   Thumb Code    38  bsp_gpio_spi.o(.text)
    TP_INT_GPIO_Config                       0x08004adb   Thumb Code    76  bsp_gpio_spi.o(.text)
    .text                                    0x08004bac   Section        0  bsp_touch.o(.text)
    DelayUS                                  0x08004bb5   Thumb Code    30  bsp_touch.o(.text)
    XPT2046_WriteCMD                         0x08004bd3   Thumb Code   100  bsp_touch.o(.text)
    XPT2046_ReadCMD                          0x08004c37   Thumb Code    88  bsp_touch.o(.text)
    .text                                    0x080057e8   Section        0  even_process.o(.text)
    .text                                    0x08005c40   Section        0  bsp_dht11.o(.text)
    DHT11_Mode_IPU                           0x08005c73   Thumb Code    26  bsp_dht11.o(.text)
    DHT11_Mode_Out_PP                        0x08005c8d   Thumb Code    32  bsp_dht11.o(.text)
    Read_Byte                                0x08005cad   Thumb Code    96  bsp_dht11.o(.text)
    .text                                    0x08005db8   Section        0  bsp_date.o(.text)
    .text                                    0x08005f98   Section        0  bsp_rtc.o(.text)
    .text                                    0x080062c0   Section        0  diskio.o(.text)
    .text                                    0x08006388   Section        0  ff.o(.text)
    mem_cpy                                  0x08006389   Thumb Code    26  ff.o(.text)
    mem_set                                  0x080063a3   Thumb Code    20  ff.o(.text)
    mem_cmp                                  0x080063b7   Thumb Code    38  ff.o(.text)
    chk_chr                                  0x080063dd   Thumb Code    20  ff.o(.text)
    move_window                              0x080063f1   Thumb Code   114  ff.o(.text)
    sync                                     0x08006463   Thumb Code   202  ff.o(.text)
    remove_chain                             0x08006765   Thumb Code   104  ff.o(.text)
    create_chain                             0x080067cd   Thumb Code   202  ff.o(.text)
    dir_sdi                                  0x08006897   Thumb Code   156  ff.o(.text)
    dir_next                                 0x08006933   Thumb Code   276  ff.o(.text)
    cmp_lfn                                  0x08006a47   Thumb Code   138  ff.o(.text)
    pick_lfn                                 0x08006ad1   Thumb Code   112  ff.o(.text)
    fit_lfn                                  0x08006b41   Thumb Code   122  ff.o(.text)
    sum_sfn                                  0x08006c63   Thumb Code    32  ff.o(.text)
    dir_find                                 0x08006c83   Thumb Code   222  ff.o(.text)
    dir_read                                 0x08006d61   Thumb Code   190  ff.o(.text)
    dir_register                             0x08006e1f   Thumb Code   400  ff.o(.text)
    dir_remove                               0x08006faf   Thumb Code    96  ff.o(.text)
    create_name                              0x0800700f   Thumb Code   534  ff.o(.text)
    get_fileinfo                             0x08007225   Thumb Code   296  ff.o(.text)
    follow_path                              0x0800734d   Thumb Code   158  ff.o(.text)
    check_fs                                 0x080073eb   Thumb Code   166  ff.o(.text)
    chk_mounted                              0x08007491   Thumb Code   898  ff.o(.text)
    validate                                 0x08007813   Thumb Code    42  ff.o(.text)
    .text                                    0x08008704   Section        0  ccsbcs.o(.text)
    .text                                    0x08008784   Section        0  memcpya.o(.text)
    .text                                    0x080087a8   Section        0  memseta.o(.text)
    .text                                    0x080087cc   Section        0  strlen.o(.text)
    .text                                    0x080087da   Section        0  dadd.o(.text)
    .text                                    0x08008928   Section        0  dmul.o(.text)
    .text                                    0x08008a0c   Section        0  ddiv.o(.text)
    .text                                    0x08008aea   Section        0  dflti.o(.text)
    .text                                    0x08008b0c   Section        0  dfltui.o(.text)
    .text                                    0x08008b26   Section        0  dfixui.o(.text)
    .text                                    0x08008b58   Section       40  cdcmple.o(.text)
    .text                                    0x08008b80   Section        0  uidiv.o(.text)
    .text                                    0x08008bac   Section        0  uldiv.o(.text)
    .text                                    0x08008c0e   Section        0  llshl.o(.text)
    .text                                    0x08008c2c   Section        0  llushr.o(.text)
    .text                                    0x08008c4c   Section        0  llsshr.o(.text)
    .text                                    0x08008c70   Section        0  depilogue.o(.text)
    .text                                    0x08008c70   Section        0  iusefp.o(.text)
    .text                                    0x08008d2e   Section        0  dfixul.o(.text)
    .text                                    0x08008d60   Section       40  cdrcmple.o(.text)
    .text                                    0x08008d88   Section       36  init.o(.text)
    .text                                    0x08008dac   Section        0  __dczerorl2.o(.text)
    i.__0printf                              0x08008e08   Section        0  printfa.o(i.__0printf)
    i.__0sprintf                             0x08008e28   Section        0  printfa.o(i.__0sprintf)
    i.__scatterload_copy                     0x08008e50   Section       14  handlers.o(i.__scatterload_copy)
    i.__scatterload_null                     0x08008e5e   Section        2  handlers.o(i.__scatterload_null)
    i.__scatterload_zeroinit                 0x08008e60   Section       14  handlers.o(i.__scatterload_zeroinit)
    i._fp_digits                             0x08008e70   Section        0  printfa.o(i._fp_digits)
    _fp_digits                               0x08008e71   Thumb Code   326  printfa.o(i._fp_digits)
    i._printf_core                           0x08008fcc   Section        0  printfa.o(i._printf_core)
    _printf_core                             0x08008fcd   Thumb Code  1762  printfa.o(i._printf_core)
    i._printf_post_padding                   0x080096bc   Section        0  printfa.o(i._printf_post_padding)
    _printf_post_padding                     0x080096bd   Thumb Code    38  printfa.o(i._printf_post_padding)
    i._printf_pre_padding                    0x080096e2   Section        0  printfa.o(i._printf_pre_padding)
    _printf_pre_padding                      0x080096e3   Thumb Code    48  printfa.o(i._printf_pre_padding)
    i._sputc                                 0x08009712   Section        0  printfa.o(i._sputc)
    _sputc                                   0x08009713   Thumb Code    10  printfa.o(i._sputc)
    .constdata                               0x0800971c   Section     1140  bsp_ili9341_lcd.o(.constdata)
    .constdata                               0x08009b90   Section       48  bsp_date.o(.constdata)
    .constdata                               0x08009bc0   Section      141  ff.o(.constdata)
    LfnOfs                                   0x08009bc0   Data          13  ff.o(.constdata)
    excvt                                    0x08009bcd   Data         128  ff.o(.constdata)
    .constdata                               0x08009c4e   Section     1216  ccsbcs.o(.constdata)
    Tbl                                      0x08009c4e   Data         256  ccsbcs.o(.constdata)
    tbl_lower                                0x08009d4e   Data         480  ccsbcs.o(.constdata)
    tbl_upper                                0x08009f2e   Data         480  ccsbcs.o(.constdata)
    .conststring                             0x0800a10e   Section       94  bsp_rtc.o(.conststring)
    .data                                    0x20000000   Section       20  system_stm32f10x.o(.data)
    .data                                    0x20000014   Section       20  stm32f10x_rcc.o(.data)
    APBAHBPrescTable                         0x20000014   Data          16  stm32f10x_rcc.o(.data)
    ADCPrescTable                            0x20000024   Data           4  stm32f10x_rcc.o(.data)
    .data                                    0x20000028   Section       41  main.o(.data)
    .data                                    0x20000051   Section        1  stm32f10x_it.o(.data)
    .data                                    0x20000052   Section        1  bsp_usart1.o(.data)
    .data                                    0x20000054   Section       20  bsp_sdio_sdcard.o(.data)
    CardType                                 0x20000054   Data           4  bsp_sdio_sdcard.o(.data)
    RCA                                      0x20000058   Data           4  bsp_sdio_sdcard.o(.data)
    .data                                    0x20000068   Section     1040  bsp_sdfs_app.o(.data)
    .data                                    0x20000478   Section        1  bsp_bmp.o(.data)
    .data                                    0x2000047c   Section        4  bsp_systick.o(.data)
    TimingDelay                              0x2000047c   Data           4  bsp_systick.o(.data)
    .data                                    0x20000480   Section      128  bsp_touch.o(.data)
    screen                                   0x200004f2   Data           4  bsp_touch.o(.data)
    screen2                                  0x200004f6   Data           4  bsp_touch.o(.data)
    Pen_color                                0x200004fa   Data           2  bsp_touch.o(.data)
    .data                                    0x20000500   Section        4  even_process.o(.data)
    .data                                    0x20000504   Section       48  bsp_date.o(.data)
    month_days                               0x20000504   Data          48  bsp_date.o(.data)
    .data                                    0x20000534   Section       92  bsp_rtc.o(.data)
    .data                                    0x20000590   Section        6  ff.o(.data)
    FatFs                                    0x20000590   Data           4  ff.o(.data)
    Fsid                                     0x20000594   Data           2  ff.o(.data)
    .data                                    0x20000598   Section        4  stdout.o(.data)
    .bss                                     0x2000059c   Section     1136  main.o(.bss)
    .bss                                     0x20000a0c   Section      196  bsp_sdio_sdcard.o(.bss)
    CSD_Tab                                  0x20000a0c   Data          16  bsp_sdio_sdcard.o(.bss)
    CID_Tab                                  0x20000a1c   Data          16  bsp_sdio_sdcard.o(.bss)
    SDSTATUS_Tab                             0x20000a2c   Data          16  bsp_sdio_sdcard.o(.bss)
    .bss                                     0x20000ad0   Section     3240  bsp_sdfs_app.o(.bss)
    .bss                                     0x20001778   Section     3176  bsp_bmp.o(.bss)
    .bss                                     0x200023e0   Section       72  bsp_touch.o(.bss)
    .bss                                     0x20002428   Section       60  bsp_rtc.o(.bss)
    STACK                                    0x20002468   Section     3840  startup_stm32f10x_hd.o(STACK)

    Global Symbols

    Symbol Name                              Value     Ov Type        Size  Object(Section)

    BuildAttributes$$THM_ISAv4$P$D$K$B$S$PE$A:L22UL41UL21$X:L11$S22US41US21$IEEE1$IW$USESV6$~STKCKD$USESV7$~SHL$OSPACE$ROPI$EBA8$MICROLIB$REQ8$PRES8$EABIv2 0x00000000   Number         0  anon$$obj.o ABSOLUTE
    __ARM_use_no_argv                        0x00000000   Number         0  main.o ABSOLUTE
    _printf_a                                0x00000000   Number         0  stubs.o ABSOLUTE
    _printf_c                                0x00000000   Number         0  stubs.o ABSOLUTE
    _printf_charcount                        0x00000000   Number         0  stubs.o ABSOLUTE
    _printf_d                                0x00000000   Number         0  stubs.o ABSOLUTE
    _printf_e                                0x00000000   Number         0  stubs.o ABSOLUTE
    _printf_f                                0x00000000   Number         0  stubs.o ABSOLUTE
    _printf_flags                            0x00000000   Number         0  stubs.o ABSOLUTE
    _printf_fp_dec                           0x00000000   Number         0  stubs.o ABSOLUTE
    _printf_fp_hex                           0x00000000   Number         0  stubs.o ABSOLUTE
    _printf_g                                0x00000000   Number         0  stubs.o ABSOLUTE
    _printf_i                                0x00000000   Number         0  stubs.o ABSOLUTE
    _printf_int_dec                          0x00000000   Number         0  stubs.o ABSOLUTE
    _printf_l                                0x00000000   Number         0  stubs.o ABSOLUTE
    _printf_lc                               0x00000000   Number         0  stubs.o ABSOLUTE
    _printf_ll                               0x00000000   Number         0  stubs.o ABSOLUTE
    _printf_lld                              0x00000000   Number         0  stubs.o ABSOLUTE
    _printf_lli                              0x00000000   Number         0  stubs.o ABSOLUTE
    _printf_llo                              0x00000000   Number         0  stubs.o ABSOLUTE
    _printf_llu                              0x00000000   Number         0  stubs.o ABSOLUTE
    _printf_llx                              0x00000000   Number         0  stubs.o ABSOLUTE
    _printf_longlong_dec                     0x00000000   Number         0  stubs.o ABSOLUTE
    _printf_longlong_hex                     0x00000000   Number         0  stubs.o ABSOLUTE
    _printf_longlong_oct                     0x00000000   Number         0  stubs.o ABSOLUTE
    _printf_ls                               0x00000000   Number         0  stubs.o ABSOLUTE
    _printf_mbtowc                           0x00000000   Number         0  stubs.o ABSOLUTE
    _printf_n                                0x00000000   Number         0  stubs.o ABSOLUTE
    _printf_o                                0x00000000   Number         0  stubs.o ABSOLUTE
    _printf_p                                0x00000000   Number         0  stubs.o ABSOLUTE
    _printf_percent                          0x00000000   Number         0  stubs.o ABSOLUTE
    _printf_pre_padding                      0x00000000   Number         0  stubs.o ABSOLUTE
    _printf_return_value                     0x00000000   Number         0  stubs.o ABSOLUTE
    _printf_s                                0x00000000   Number         0  stubs.o ABSOLUTE
    _printf_sizespec                         0x00000000   Number         0  stubs.o ABSOLUTE
    _printf_str                              0x00000000   Number         0  stubs.o ABSOLUTE
    _printf_truncate_signed                  0x00000000   Number         0  stubs.o ABSOLUTE
    _printf_truncate_unsigned                0x00000000   Number         0  stubs.o ABSOLUTE
    _printf_u                                0x00000000   Number         0  stubs.o ABSOLUTE
    _printf_wc                               0x00000000   Number         0  stubs.o ABSOLUTE
    _printf_wctomb                           0x00000000   Number         0  stubs.o ABSOLUTE
    _printf_widthprec                        0x00000000   Number         0  stubs.o ABSOLUTE
    _printf_x                                0x00000000   Number         0  stubs.o ABSOLUTE
    __cpp_initialize__aeabi_                  - Undefined Weak Reference
    __cxa_finalize                            - Undefined Weak Reference
    _clock_init                               - Undefined Weak Reference
    _microlib_exit                            - Undefined Weak Reference
    __Vectors_Size                           0x00000130   Number         0  startup_stm32f10x_hd.o ABSOLUTE
    __Vectors                                0x08000000   Data           4  startup_stm32f10x_hd.o(RESET)
    __Vectors_End                            0x08000130   Data           0  startup_stm32f10x_hd.o(RESET)
    __main                                   0x08000131   Thumb Code     0  entry.o(.ARM.Collect$$$$00000000)
    _main_stk                                0x08000131   Thumb Code     0  entry2.o(.ARM.Collect$$$$00000001)
    _main_scatterload                        0x08000135   Thumb Code     0  entry5.o(.ARM.Collect$$$$00000004)
    __main_after_scatterload                 0x08000139   Thumb Code     0  entry5.o(.ARM.Collect$$$$00000004)
    _main_clock                              0x08000139   Thumb Code     0  entry7b.o(.ARM.Collect$$$$00000008)
    _main_cpp_init                           0x08000139   Thumb Code     0  entry8b.o(.ARM.Collect$$$$0000000A)
    _main_init                               0x08000139   Thumb Code     0  entry9a.o(.ARM.Collect$$$$0000000B)
    __rt_final_cpp                           0x08000141   Thumb Code     0  entry10a.o(.ARM.Collect$$$$0000000D)
    __rt_final_exit                          0x08000141   Thumb Code     0  entry11a.o(.ARM.Collect$$$$0000000F)
    Reset_Handler                            0x08000145   Thumb Code     8  startup_stm32f10x_hd.o(.text)
    ADC1_2_IRQHandler                        0x0800015f   Thumb Code     0  startup_stm32f10x_hd.o(.text)
    ADC3_IRQHandler                          0x0800015f   Thumb Code     0  startup_stm32f10x_hd.o(.text)
    CAN1_RX1_IRQHandler                      0x0800015f   Thumb Code     0  startup_stm32f10x_hd.o(.text)
    CAN1_SCE_IRQHandler                      0x0800015f   Thumb Code     0  startup_stm32f10x_hd.o(.text)
    DMA1_Channel1_IRQHandler                 0x0800015f   Thumb Code     0  startup_stm32f10x_hd.o(.text)
    DMA1_Channel2_IRQHandler                 0x0800015f   Thumb Code     0  startup_stm32f10x_hd.o(.text)
    DMA1_Channel3_IRQHandler                 0x0800015f   Thumb Code     0  startup_stm32f10x_hd.o(.text)
    DMA1_Channel4_IRQHandler                 0x0800015f   Thumb Code     0  startup_stm32f10x_hd.o(.text)
    DMA1_Channel5_IRQHandler                 0x0800015f   Thumb Code     0  startup_stm32f10x_hd.o(.text)
    DMA1_Channel6_IRQHandler                 0x0800015f   Thumb Code     0  startup_stm32f10x_hd.o(.text)
    DMA1_Channel7_IRQHandler                 0x0800015f   Thumb Code     0  startup_stm32f10x_hd.o(.text)
    DMA2_Channel1_IRQHandler                 0x0800015f   Thumb Code     0  startup_stm32f10x_hd.o(.text)
    DMA2_Channel2_IRQHandler                 0x0800015f   Thumb Code     0  startup_stm32f10x_hd.o(.text)
    DMA2_Channel3_IRQHandler                 0x0800015f   Thumb Code     0  startup_stm32f10x_hd.o(.text)
    DMA2_Channel4_5_IRQHandler               0x0800015f   Thumb Code     0  startup_stm32f10x_hd.o(.text)
    EXTI0_IRQHandler                         0x0800015f   Thumb Code     0  startup_stm32f10x_hd.o(.text)
    EXTI15_10_IRQHandler                     0x0800015f   Thumb Code     0  startup_stm32f10x_hd.o(.text)
    EXTI1_IRQHandler                         0x0800015f   Thumb Code     0  startup_stm32f10x_hd.o(.text)
    EXTI2_IRQHandler                         0x0800015f   Thumb Code     0  startup_stm32f10x_hd.o(.text)
    EXTI3_IRQHandler                         0x0800015f   Thumb Code     0  startup_stm32f10x_hd.o(.text)
    EXTI4_IRQHandler                         0x0800015f   Thumb Code     0  startup_stm32f10x_hd.o(.text)
    FLASH_IRQHandler                         0x0800015f   Thumb Code     0  startup_stm32f10x_hd.o(.text)
    FSMC_IRQHandler                          0x0800015f   Thumb Code     0  startup_stm32f10x_hd.o(.text)
    I2C1_ER_IRQHandler                       0x0800015f   Thumb Code     0  startup_stm32f10x_hd.o(.text)
    I2C1_EV_IRQHandler                       0x0800015f   Thumb Code     0  startup_stm32f10x_hd.o(.text)
    I2C2_ER_IRQHandler                       0x0800015f   Thumb Code     0  startup_stm32f10x_hd.o(.text)
    I2C2_EV_IRQHandler                       0x0800015f   Thumb Code     0  startup_stm32f10x_hd.o(.text)
    PVD_IRQHandler                           0x0800015f   Thumb Code     0  startup_stm32f10x_hd.o(.text)
    RCC_IRQHandler                           0x0800015f   Thumb Code     0  startup_stm32f10x_hd.o(.text)
    RTCAlarm_IRQHandler                      0x0800015f   Thumb Code     0  startup_stm32f10x_hd.o(.text)
    SPI1_IRQHandler                          0x0800015f   Thumb Code     0  startup_stm32f10x_hd.o(.text)
    SPI2_IRQHandler                          0x0800015f   Thumb Code     0  startup_stm32f10x_hd.o(.text)
    SPI3_IRQHandler                          0x0800015f   Thumb Code     0  startup_stm32f10x_hd.o(.text)
    TAMPER_IRQHandler                        0x0800015f   Thumb Code     0  startup_stm32f10x_hd.o(.text)
    TIM1_BRK_IRQHandler                      0x0800015f   Thumb Code     0  startup_stm32f10x_hd.o(.text)
    TIM1_CC_IRQHandler                       0x0800015f   Thumb Code     0  startup_stm32f10x_hd.o(.text)
    TIM1_TRG_COM_IRQHandler                  0x0800015f   Thumb Code     0  startup_stm32f10x_hd.o(.text)
    TIM1_UP_IRQHandler                       0x0800015f   Thumb Code     0  startup_stm32f10x_hd.o(.text)
    TIM2_IRQHandler                          0x0800015f   Thumb Code     0  startup_stm32f10x_hd.o(.text)
    TIM3_IRQHandler                          0x0800015f   Thumb Code     0  startup_stm32f10x_hd.o(.text)
    TIM4_IRQHandler                          0x0800015f   Thumb Code     0  startup_stm32f10x_hd.o(.text)
    TIM5_IRQHandler                          0x0800015f   Thumb Code     0  startup_stm32f10x_hd.o(.text)
    TIM6_IRQHandler                          0x0800015f   Thumb Code     0  startup_stm32f10x_hd.o(.text)
    TIM7_IRQHandler                          0x0800015f   Thumb Code     0  startup_stm32f10x_hd.o(.text)
    TIM8_BRK_IRQHandler                      0x0800015f   Thumb Code     0  startup_stm32f10x_hd.o(.text)
    TIM8_CC_IRQHandler                       0x0800015f   Thumb Code     0  startup_stm32f10x_hd.o(.text)
    TIM8_TRG_COM_IRQHandler                  0x0800015f   Thumb Code     0  startup_stm32f10x_hd.o(.text)
    TIM8_UP_IRQHandler                       0x0800015f   Thumb Code     0  startup_stm32f10x_hd.o(.text)
    UART4_IRQHandler                         0x0800015f   Thumb Code     0  startup_stm32f10x_hd.o(.text)
    UART5_IRQHandler                         0x0800015f   Thumb Code     0  startup_stm32f10x_hd.o(.text)
    USART2_IRQHandler                        0x0800015f   Thumb Code     0  startup_stm32f10x_hd.o(.text)
    USART3_IRQHandler                        0x0800015f   Thumb Code     0  startup_stm32f10x_hd.o(.text)
    USBWakeUp_IRQHandler                     0x0800015f   Thumb Code     0  startup_stm32f10x_hd.o(.text)
    USB_HP_CAN1_TX_IRQHandler                0x0800015f   Thumb Code     0  startup_stm32f10x_hd.o(.text)
    USB_LP_CAN1_RX0_IRQHandler               0x0800015f   Thumb Code     0  startup_stm32f10x_hd.o(.text)
    WWDG_IRQHandler                          0x0800015f   Thumb Code     0  startup_stm32f10x_hd.o(.text)
    SystemInit                               0x08000245   Thumb Code    78  system_stm32f10x.o(.text)
    SystemCoreClockUpdate                    0x08000293   Thumb Code   142  system_stm32f10x.o(.text)
    NVIC_PriorityGroupConfig                 0x08000345   Thumb Code    10  misc.o(.text)
    NVIC_Init                                0x0800034f   Thumb Code   102  misc.o(.text)
    NVIC_SetVectorTable                      0x080003b5   Thumb Code    14  misc.o(.text)
    NVIC_SystemLPConfig                      0x080003c3   Thumb Code    34  misc.o(.text)
    SysTick_CLKSourceConfig                  0x080003e5   Thumb Code    40  misc.o(.text)
    DMA_DeInit                               0x08000421   Thumb Code   324  stm32f10x_dma.o(.text)
    DMA_Init                                 0x08000565   Thumb Code    60  stm32f10x_dma.o(.text)
    DMA_StructInit                           0x080005a1   Thumb Code    26  stm32f10x_dma.o(.text)
    DMA_Cmd                                  0x080005bb   Thumb Code    24  stm32f10x_dma.o(.text)
    DMA_ITConfig                             0x080005d3   Thumb Code    18  stm32f10x_dma.o(.text)
    DMA_SetCurrDataCounter                   0x080005e5   Thumb Code     4  stm32f10x_dma.o(.text)
    DMA_GetCurrDataCounter                   0x080005e9   Thumb Code     8  stm32f10x_dma.o(.text)
    DMA_GetFlagStatus                        0x080005f1   Thumb Code    38  stm32f10x_dma.o(.text)
    DMA_ClearFlag                            0x08000617   Thumb Code    22  stm32f10x_dma.o(.text)
    DMA_GetITStatus                          0x0800062d   Thumb Code    38  stm32f10x_dma.o(.text)
    DMA_ClearITPendingBit                    0x08000653   Thumb Code    22  stm32f10x_dma.o(.text)
    EXTI_DeInit                              0x08000671   Thumb Code    28  stm32f10x_exti.o(.text)
    EXTI_Init                                0x0800068d   Thumb Code   142  stm32f10x_exti.o(.text)
    EXTI_StructInit                          0x0800071b   Thumb Code    16  stm32f10x_exti.o(.text)
    EXTI_GenerateSWInterrupt                 0x0800072b   Thumb Code    16  stm32f10x_exti.o(.text)
    EXTI_GetFlagStatus                       0x0800073b   Thumb Code    22  stm32f10x_exti.o(.text)
    EXTI_ClearFlag                           0x08000751   Thumb Code     8  stm32f10x_exti.o(.text)
    EXTI_GetITStatus                         0x08000759   Thumb Code    34  stm32f10x_exti.o(.text)
    EXTI_ClearITPendingBit                   0x0800077b   Thumb Code     8  stm32f10x_exti.o(.text)
    FSMC_NORSRAMDeInit                       0x0800078d   Thumb Code    56  stm32f10x_fsmc.o(.text)
    FSMC_NANDDeInit                          0x080007c5   Thumb Code    62  stm32f10x_fsmc.o(.text)
    FSMC_PCCARDDeInit                        0x08000803   Thumb Code    40  stm32f10x_fsmc.o(.text)
    FSMC_NORSRAMInit                         0x0800082b   Thumb Code   224  stm32f10x_fsmc.o(.text)
    FSMC_NANDInit                            0x0800090b   Thumb Code   130  stm32f10x_fsmc.o(.text)
    FSMC_PCCARDInit                          0x0800098d   Thumb Code   124  stm32f10x_fsmc.o(.text)
    FSMC_NORSRAMStructInit                   0x08000a09   Thumb Code   114  stm32f10x_fsmc.o(.text)
    FSMC_NANDStructInit                      0x08000a7b   Thumb Code    54  stm32f10x_fsmc.o(.text)
    FSMC_PCCARDStructInit                    0x08000ab1   Thumb Code    60  stm32f10x_fsmc.o(.text)
    FSMC_NORSRAMCmd                          0x08000aed   Thumb Code    46  stm32f10x_fsmc.o(.text)
    FSMC_NANDCmd                             0x08000b1b   Thumb Code    86  stm32f10x_fsmc.o(.text)
    FSMC_PCCARDCmd                           0x08000b71   Thumb Code    40  stm32f10x_fsmc.o(.text)
    FSMC_NANDECCCmd                          0x08000b99   Thumb Code   118  stm32f10x_fsmc.o(.text)
    FSMC_GetECC                              0x08000c0f   Thumb Code    22  stm32f10x_fsmc.o(.text)
    FSMC_ITConfig                            0x08000c25   Thumb Code   128  stm32f10x_fsmc.o(.text)
    FSMC_GetFlagStatus                       0x08000ca5   Thumb Code    48  stm32f10x_fsmc.o(.text)
    FSMC_ClearFlag                           0x08000cd5   Thumb Code    62  stm32f10x_fsmc.o(.text)
    FSMC_GetITStatus                         0x08000d13   Thumb Code    60  stm32f10x_fsmc.o(.text)
    FSMC_ClearITPendingBit                   0x08000d4f   Thumb Code    64  stm32f10x_fsmc.o(.text)
    GPIO_DeInit                              0x08000da5   Thumb Code   172  stm32f10x_gpio.o(.text)
    GPIO_AFIODeInit                          0x08000e51   Thumb Code    20  stm32f10x_gpio.o(.text)
    GPIO_Init                                0x08000e65   Thumb Code   274  stm32f10x_gpio.o(.text)
    GPIO_StructInit                          0x08000f77   Thumb Code    16  stm32f10x_gpio.o(.text)
    GPIO_ReadInputDataBit                    0x08000f87   Thumb Code    18  stm32f10x_gpio.o(.text)
    GPIO_ReadInputData                       0x08000f99   Thumb Code     8  stm32f10x_gpio.o(.text)
    GPIO_ReadOutputDataBit                   0x08000fa1   Thumb Code    18  stm32f10x_gpio.o(.text)
    GPIO_ReadOutputData                      0x08000fb3   Thumb Code     8  stm32f10x_gpio.o(.text)
    GPIO_SetBits                             0x08000fbb   Thumb Code     4  stm32f10x_gpio.o(.text)
    GPIO_ResetBits                           0x08000fbf   Thumb Code     4  stm32f10x_gpio.o(.text)
    GPIO_WriteBit                            0x08000fc3   Thumb Code    10  stm32f10x_gpio.o(.text)
    GPIO_Write                               0x08000fcd   Thumb Code     4  stm32f10x_gpio.o(.text)
    GPIO_PinLockConfig                       0x08000fd1   Thumb Code    18  stm32f10x_gpio.o(.text)
    GPIO_EventOutputConfig                   0x08000fe3   Thumb Code    26  stm32f10x_gpio.o(.text)
    GPIO_EventOutputCmd                      0x08000ffd   Thumb Code     6  stm32f10x_gpio.o(.text)
    GPIO_PinRemapConfig                      0x08001003   Thumb Code   138  stm32f10x_gpio.o(.text)
    GPIO_EXTILineConfig                      0x0800108d   Thumb Code    66  stm32f10x_gpio.o(.text)
    GPIO_ETH_MediaInterfaceConfig            0x080010cf   Thumb Code     6  stm32f10x_gpio.o(.text)
    RCC_DeInit                               0x080010fd   Thumb Code    64  stm32f10x_rcc.o(.text)
    RCC_HSEConfig                            0x0800113d   Thumb Code    70  stm32f10x_rcc.o(.text)
    RCC_GetFlagStatus                        0x08001183   Thumb Code    56  stm32f10x_rcc.o(.text)
    RCC_WaitForHSEStartUp                    0x080011bb   Thumb Code    56  stm32f10x_rcc.o(.text)
    RCC_AdjustHSICalibrationValue            0x080011f3   Thumb Code    20  stm32f10x_rcc.o(.text)
    RCC_HSICmd                               0x08001207   Thumb Code     6  stm32f10x_rcc.o(.text)
    RCC_PLLConfig                            0x0800120d   Thumb Code    24  stm32f10x_rcc.o(.text)
    RCC_PLLCmd                               0x08001225   Thumb Code     6  stm32f10x_rcc.o(.text)
    RCC_SYSCLKConfig                         0x0800122b   Thumb Code    18  stm32f10x_rcc.o(.text)
    RCC_GetSYSCLKSource                      0x0800123d   Thumb Code    10  stm32f10x_rcc.o(.text)
    RCC_HCLKConfig                           0x08001247   Thumb Code    18  stm32f10x_rcc.o(.text)
    RCC_PCLK1Config                          0x08001259   Thumb Code    18  stm32f10x_rcc.o(.text)
    RCC_PCLK2Config                          0x0800126b   Thumb Code    20  stm32f10x_rcc.o(.text)
    RCC_ITConfig                             0x0800127f   Thumb Code    26  stm32f10x_rcc.o(.text)
    RCC_USBCLKConfig                         0x08001299   Thumb Code     6  stm32f10x_rcc.o(.text)
    RCC_ADCCLKConfig                         0x0800129f   Thumb Code    18  stm32f10x_rcc.o(.text)
    RCC_LSEConfig                            0x080012b1   Thumb Code    44  stm32f10x_rcc.o(.text)
    RCC_LSICmd                               0x080012dd   Thumb Code     6  stm32f10x_rcc.o(.text)
    RCC_RTCCLKConfig                         0x080012e3   Thumb Code    12  stm32f10x_rcc.o(.text)
    RCC_RTCCLKCmd                            0x080012ef   Thumb Code     8  stm32f10x_rcc.o(.text)
    RCC_GetClocksFreq                        0x080012f7   Thumb Code   192  stm32f10x_rcc.o(.text)
    RCC_AHBPeriphClockCmd                    0x080013b7   Thumb Code    26  stm32f10x_rcc.o(.text)
    RCC_APB2PeriphClockCmd                   0x080013d1   Thumb Code    26  stm32f10x_rcc.o(.text)
    RCC_APB1PeriphClockCmd                   0x080013eb   Thumb Code    26  stm32f10x_rcc.o(.text)
    RCC_APB2PeriphResetCmd                   0x08001405   Thumb Code    26  stm32f10x_rcc.o(.text)
    RCC_APB1PeriphResetCmd                   0x0800141f   Thumb Code    26  stm32f10x_rcc.o(.text)
    RCC_BackupResetCmd                       0x08001439   Thumb Code     8  stm32f10x_rcc.o(.text)
    RCC_ClockSecuritySystemCmd               0x08001441   Thumb Code     6  stm32f10x_rcc.o(.text)
    RCC_MCOConfig                            0x08001447   Thumb Code     6  stm32f10x_rcc.o(.text)
    RCC_ClearFlag                            0x0800144d   Thumb Code    14  stm32f10x_rcc.o(.text)
    RCC_GetITStatus                          0x0800145b   Thumb Code    20  stm32f10x_rcc.o(.text)
    RCC_ClearITPendingBit                    0x0800146f   Thumb Code     6  stm32f10x_rcc.o(.text)
    RTC_ITConfig                             0x080014a1   Thumb Code    26  stm32f10x_rtc.o(.text)
    RTC_EnterConfigMode                      0x080014bb   Thumb Code    18  stm32f10x_rtc.o(.text)
    RTC_ExitConfigMode                       0x080014cd   Thumb Code    20  stm32f10x_rtc.o(.text)
    RTC_GetCounter                           0x080014e1   Thumb Code    18  stm32f10x_rtc.o(.text)
    RTC_SetCounter                           0x080014f3   Thumb Code    26  stm32f10x_rtc.o(.text)
    RTC_SetPrescaler                         0x0800150d   Thumb Code    28  stm32f10x_rtc.o(.text)
    RTC_SetAlarm                             0x08001529   Thumb Code    26  stm32f10x_rtc.o(.text)
    RTC_GetDivider                           0x08001543   Thumb Code    22  stm32f10x_rtc.o(.text)
    RTC_WaitForLastTask                      0x08001559   Thumb Code    16  stm32f10x_rtc.o(.text)
    RTC_WaitForSynchro                       0x08001569   Thumb Code    34  stm32f10x_rtc.o(.text)
    RTC_GetFlagStatus                        0x0800158b   Thumb Code    22  stm32f10x_rtc.o(.text)
    RTC_ClearFlag                            0x080015a1   Thumb Code    16  stm32f10x_rtc.o(.text)
    RTC_GetITStatus                          0x080015b1   Thumb Code    32  stm32f10x_rtc.o(.text)
    RTC_ClearITPendingBit                    0x080015d1   Thumb Code    16  stm32f10x_rtc.o(.text)
    SDIO_DeInit                              0x080015e5   Thumb Code    28  stm32f10x_sdio.o(.text)
    SDIO_Init                                0x08001601   Thumb Code    42  stm32f10x_sdio.o(.text)
    SDIO_StructInit                          0x0800162b   Thumb Code    16  stm32f10x_sdio.o(.text)
    SDIO_ClockCmd                            0x0800163b   Thumb Code     6  stm32f10x_sdio.o(.text)
    SDIO_SetPowerState                       0x08001641   Thumb Code    22  stm32f10x_sdio.o(.text)
    SDIO_GetPowerState                       0x08001657   Thumb Code    10  stm32f10x_sdio.o(.text)
    SDIO_ITConfig                            0x08001661   Thumb Code    26  stm32f10x_sdio.o(.text)
    SDIO_DMACmd                              0x0800167b   Thumb Code     6  stm32f10x_sdio.o(.text)
    SDIO_SendCommand                         0x08001681   Thumb Code    38  stm32f10x_sdio.o(.text)
    SDIO_CmdStructInit                       0x080016a7   Thumb Code    14  stm32f10x_sdio.o(.text)
    SDIO_GetCommandResponse                  0x080016b5   Thumb Code     8  stm32f10x_sdio.o(.text)
    SDIO_GetResponse                         0x080016bd   Thumb Code    22  stm32f10x_sdio.o(.text)
    SDIO_DataConfig                          0x080016d3   Thumb Code    42  stm32f10x_sdio.o(.text)
    SDIO_DataStructInit                      0x080016fd   Thumb Code    20  stm32f10x_sdio.o(.text)
    SDIO_GetDataCounter                      0x08001711   Thumb Code     6  stm32f10x_sdio.o(.text)
    SDIO_ReadData                            0x08001717   Thumb Code     6  stm32f10x_sdio.o(.text)
    SDIO_WriteData                           0x0800171d   Thumb Code     6  stm32f10x_sdio.o(.text)
    SDIO_GetFIFOCount                        0x08001723   Thumb Code     6  stm32f10x_sdio.o(.text)
    SDIO_StartSDIOReadWait                   0x08001729   Thumb Code     8  stm32f10x_sdio.o(.text)
    SDIO_StopSDIOReadWait                    0x08001731   Thumb Code     8  stm32f10x_sdio.o(.text)
    SDIO_SetSDIOReadWaitMode                 0x08001739   Thumb Code     8  stm32f10x_sdio.o(.text)
    SDIO_SetSDIOOperation                    0x08001741   Thumb Code     8  stm32f10x_sdio.o(.text)
    SDIO_SendSDIOSuspendCmd                  0x08001749   Thumb Code     6  stm32f10x_sdio.o(.text)
    SDIO_CommandCompletionCmd                0x0800174f   Thumb Code     6  stm32f10x_sdio.o(.text)
    SDIO_CEATAITCmd                          0x08001755   Thumb Code    10  stm32f10x_sdio.o(.text)
    SDIO_SendCEATACmd                        0x0800175f   Thumb Code     6  stm32f10x_sdio.o(.text)
    SDIO_GetFlagStatus                       0x08001765   Thumb Code    20  stm32f10x_sdio.o(.text)
    SDIO_ClearFlag                           0x08001779   Thumb Code     6  stm32f10x_sdio.o(.text)
    SDIO_GetITStatus                         0x0800177f   Thumb Code    20  stm32f10x_sdio.o(.text)
    SDIO_ClearITPendingBit                   0x08001793   Thumb Code     6  stm32f10x_sdio.o(.text)
    SPI_I2S_DeInit                           0x080017bd   Thumb Code    76  stm32f10x_spi.o(.text)
    SPI_Init                                 0x08001809   Thumb Code    60  stm32f10x_spi.o(.text)
    I2S_Init                                 0x08001845   Thumb Code   226  stm32f10x_spi.o(.text)
    SPI_StructInit                           0x08001927   Thumb Code    24  stm32f10x_spi.o(.text)
    I2S_StructInit                           0x0800193f   Thumb Code    20  stm32f10x_spi.o(.text)
    SPI_Cmd                                  0x08001953   Thumb Code    24  stm32f10x_spi.o(.text)
    I2S_Cmd                                  0x0800196b   Thumb Code    24  stm32f10x_spi.o(.text)
    SPI_I2S_ITConfig                         0x08001983   Thumb Code    32  stm32f10x_spi.o(.text)
    SPI_I2S_DMACmd                           0x080019a3   Thumb Code    18  stm32f10x_spi.o(.text)
    SPI_I2S_SendData                         0x080019b5   Thumb Code     4  stm32f10x_spi.o(.text)
    SPI_I2S_ReceiveData                      0x080019b9   Thumb Code     6  stm32f10x_spi.o(.text)
    SPI_NSSInternalSoftwareConfig            0x080019bf   Thumb Code    30  stm32f10x_spi.o(.text)
    SPI_SSOutputCmd                          0x080019dd   Thumb Code    24  stm32f10x_spi.o(.text)
    SPI_DataSizeConfig                       0x080019f5   Thumb Code    18  stm32f10x_spi.o(.text)
    SPI_TransmitCRC                          0x08001a07   Thumb Code    10  stm32f10x_spi.o(.text)
    SPI_CalculateCRC                         0x08001a11   Thumb Code    24  stm32f10x_spi.o(.text)
    SPI_GetCRC                               0x08001a29   Thumb Code    16  stm32f10x_spi.o(.text)
    SPI_GetCRCPolynomial                     0x08001a39   Thumb Code     6  stm32f10x_spi.o(.text)
    SPI_BiDirectionalLineConfig              0x08001a3f   Thumb Code    28  stm32f10x_spi.o(.text)
    SPI_I2S_GetFlagStatus                    0x08001a5b   Thumb Code    18  stm32f10x_spi.o(.text)
    SPI_I2S_ClearFlag                        0x08001a6d   Thumb Code     6  stm32f10x_spi.o(.text)
    SPI_I2S_GetITStatus                      0x08001a73   Thumb Code    52  stm32f10x_spi.o(.text)
    SPI_I2S_ClearITPendingBit                0x08001aa7   Thumb Code    20  stm32f10x_spi.o(.text)
    USART_DeInit                             0x08001ac9   Thumb Code   134  stm32f10x_usart.o(.text)
    USART_Init                               0x08001b4f   Thumb Code   210  stm32f10x_usart.o(.text)
    USART_StructInit                         0x08001c21   Thumb Code    24  stm32f10x_usart.o(.text)
    USART_ClockInit                          0x08001c39   Thumb Code    34  stm32f10x_usart.o(.text)
    USART_ClockStructInit                    0x08001c5b   Thumb Code    12  stm32f10x_usart.o(.text)
    USART_Cmd                                0x08001c67   Thumb Code    24  stm32f10x_usart.o(.text)
    USART_ITConfig                           0x08001c7f   Thumb Code    74  stm32f10x_usart.o(.text)
    USART_DMACmd                             0x08001cc9   Thumb Code    18  stm32f10x_usart.o(.text)
    USART_SetAddress                         0x08001cdb   Thumb Code    18  stm32f10x_usart.o(.text)
    USART_WakeUpConfig                       0x08001ced   Thumb Code    18  stm32f10x_usart.o(.text)
    USART_ReceiverWakeUpCmd                  0x08001cff   Thumb Code    24  stm32f10x_usart.o(.text)
    USART_LINBreakDetectLengthConfig         0x08001d17   Thumb Code    18  stm32f10x_usart.o(.text)
    USART_LINCmd                             0x08001d29   Thumb Code    24  stm32f10x_usart.o(.text)
    USART_SendData                           0x08001d41   Thumb Code     8  stm32f10x_usart.o(.text)
    USART_ReceiveData                        0x08001d49   Thumb Code    10  stm32f10x_usart.o(.text)
    USART_SendBreak                          0x08001d53   Thumb Code    10  stm32f10x_usart.o(.text)
    USART_SetGuardTime                       0x08001d5d   Thumb Code    16  stm32f10x_usart.o(.text)
    USART_SetPrescaler                       0x08001d6d   Thumb Code    16  stm32f10x_usart.o(.text)
    USART_SmartCardCmd                       0x08001d7d   Thumb Code    24  stm32f10x_usart.o(.text)
    USART_SmartCardNACKCmd                   0x08001d95   Thumb Code    24  stm32f10x_usart.o(.text)
    USART_HalfDuplexCmd                      0x08001dad   Thumb Code    24  stm32f10x_usart.o(.text)
    USART_OverSampling8Cmd                   0x08001dc5   Thumb Code    22  stm32f10x_usart.o(.text)
    USART_OneBitMethodCmd                    0x08001ddb   Thumb Code    24  stm32f10x_usart.o(.text)
    USART_IrDAConfig                         0x08001df3   Thumb Code    18  stm32f10x_usart.o(.text)
    USART_IrDACmd                            0x08001e05   Thumb Code    24  stm32f10x_usart.o(.text)
    USART_GetFlagStatus                      0x08001e1d   Thumb Code    26  stm32f10x_usart.o(.text)
    USART_ClearFlag                          0x08001e37   Thumb Code    18  stm32f10x_usart.o(.text)
    USART_GetITStatus                        0x08001e49   Thumb Code    84  stm32f10x_usart.o(.text)
    USART_ClearITPendingBit                  0x08001e9d   Thumb Code    52  stm32f10x_usart.o(.text)
    main                                     0x08001ed1   Thumb Code   222  main.o(.text)
    NMI_Handler                              0x08002001   Thumb Code     2  stm32f10x_it.o(.text)
    HardFault_Handler                        0x08002003   Thumb Code    10  stm32f10x_it.o(.text)
    MemManage_Handler                        0x0800200d   Thumb Code     4  stm32f10x_it.o(.text)
    BusFault_Handler                         0x08002011   Thumb Code     4  stm32f10x_it.o(.text)
    UsageFault_Handler                       0x08002015   Thumb Code     4  stm32f10x_it.o(.text)
    SVC_Handler                              0x08002019   Thumb Code     2  stm32f10x_it.o(.text)
    DebugMon_Handler                         0x0800201b   Thumb Code     2  stm32f10x_it.o(.text)
    PendSV_Handler                           0x0800201d   Thumb Code     2  stm32f10x_it.o(.text)
    SysTick_Handler                          0x0800201f   Thumb Code     8  stm32f10x_it.o(.text)
    EXTI9_5_IRQHandler                       0x08002027   Thumb Code    32  stm32f10x_it.o(.text)
    SDIO_IRQHandler                          0x08002047   Thumb Code     8  stm32f10x_it.o(.text)
    USART1_IRQHandler                        0x0800204f   Thumb Code     8  stm32f10x_it.o(.text)
    RTC_IRQHandler                           0x08002057   Thumb Code    28  stm32f10x_it.o(.text)
    USART1_Config                            0x080020b7   Thumb Code   130  bsp_usart1.o(.text)
    UsartReceive                             0x08002139   Thumb Code   162  bsp_usart1.o(.text)
    fputc                                    0x080021db   Thumb Code    32  bsp_usart1.o(.text)
    fgetc                                    0x080021fb   Thumb Code    26  bsp_usart1.o(.text)
    SD_DeInit                                0x08002269   Thumb Code    66  bsp_sdio_sdcard.o(.text)
    SDIO_NVIC_Configuration                  0x080022ab   Thumb Code    40  bsp_sdio_sdcard.o(.text)
    SD_EnableWideBusOperation                0x080026b3   Thumb Code   140  bsp_sdio_sdcard.o(.text)
    SD_SelectDeselect                        0x0800273f   Thumb Code    48  bsp_sdio_sdcard.o(.text)
    SD_GetCardInfo                           0x0800276f   Thumb Code   742  bsp_sdio_sdcard.o(.text)
    SD_InitializeCards                       0x08002b4b   Thumb Code   294  bsp_sdio_sdcard.o(.text)
    SD_PowerON                               0x08002d17   Thumb Code   374  bsp_sdio_sdcard.o(.text)
    SD_Init                                  0x08002e8d   Thumb Code   134  bsp_sdio_sdcard.o(.text)
    SD_SendStatus                            0x08002f13   Thumb Code    46  bsp_sdio_sdcard.o(.text)
    SD_GetState                              0x08002f41   Thumb Code    26  bsp_sdio_sdcard.o(.text)
    SD_GetStatus                             0x08002f5b   Thumb Code    30  bsp_sdio_sdcard.o(.text)
    SD_PowerOFF                              0x08002f79   Thumb Code    14  bsp_sdio_sdcard.o(.text)
    SD_SendSDStatus                          0x08002f87   Thumb Code   358  bsp_sdio_sdcard.o(.text)
    SD_GetCardStatus                         0x080030ed   Thumb Code   156  bsp_sdio_sdcard.o(.text)
    SD_ReadBlock                             0x08003189   Thumb Code   192  bsp_sdio_sdcard.o(.text)
    SD_ReadMultiBlocks                       0x08003249   Thumb Code   248  bsp_sdio_sdcard.o(.text)
    SD_WaitReadOperation                     0x08003341   Thumb Code    42  bsp_sdio_sdcard.o(.text)
    SD_WriteBlock                            0x0800336b   Thumb Code   190  bsp_sdio_sdcard.o(.text)
    SD_WriteMultiBlocks                      0x08003429   Thumb Code   294  bsp_sdio_sdcard.o(.text)
    SD_WaitWriteOperation                    0x0800354f   Thumb Code    50  bsp_sdio_sdcard.o(.text)
    SD_GetTransferState                      0x08003581   Thumb Code    18  bsp_sdio_sdcard.o(.text)
    SD_StopTransfer                          0x08003593   Thumb Code    28  bsp_sdio_sdcard.o(.text)
    SD_Erase                                 0x0800375d   Thumb Code   290  bsp_sdio_sdcard.o(.text)
    SD_ProcessIRQSrc                         0x0800387f   Thumb Code    70  bsp_sdio_sdcard.o(.text)
    convert_from_bytes_to_power_of_two       0x080038c5   Thumb Code    18  bsp_sdio_sdcard.o(.text)
    Lcd_Delay                                0x080038f9   Thumb Code    18  bsp_ili9341_lcd.o(.text)
    LCD_GPIO_Config                          0x0800390b   Thumb Code   174  bsp_ili9341_lcd.o(.text)
    LCD_FSMC_Config                          0x080039b9   Thumb Code    94  bsp_ili9341_lcd.o(.text)
    LCD_Rst                                  0x08003a17   Thumb Code    36  bsp_ili9341_lcd.o(.text)
    LCD_REG_Config                           0x08003a3b   Thumb Code   526  bsp_ili9341_lcd.o(.text)
    LCD_Init                                 0x08003c49   Thumb Code    20  bsp_ili9341_lcd.o(.text)
    Lcd_GramScan                             0x08003c5d   Thumb Code   246  bsp_ili9341_lcd.o(.text)
    LCD_Clear                                0x08003d53   Thumb Code   112  bsp_ili9341_lcd.o(.text)
    LCD_SetCursor                            0x08003dc3   Thumb Code    58  bsp_ili9341_lcd.o(.text)
    LCD_OpenWindow                           0x08003dfd   Thumb Code    88  bsp_ili9341_lcd.o(.text)
    LCD_SetPoint                             0x08003e55   Thumb Code    32  bsp_ili9341_lcd.o(.text)
    LCD_RD_data                              0x08003e75   Thumb Code    36  bsp_ili9341_lcd.o(.text)
    LCD_GetPoint                             0x08003e99   Thumb Code    32  bsp_ili9341_lcd.o(.text)
    LCD_DispChar                             0x08003eb9   Thumb Code   108  bsp_ili9341_lcd.o(.text)
    LCD_DispStr                              0x08003f25   Thumb Code    60  bsp_ili9341_lcd.o(.text)
    LCD_DisNum                               0x08003f61   Thumb Code   104  bsp_ili9341_lcd.o(.text)
    LCD_DispCH                               0x08003fc9   Thumb Code   134  bsp_ili9341_lcd.o(.text)
    LCD_DispStrCH                            0x0800404f   Thumb Code    66  bsp_ili9341_lcd.o(.text)
    LCD_DispEnCh                             0x08004091   Thumb Code   114  bsp_ili9341_lcd.o(.text)
    Sd_fs_init                               0x08004109   Thumb Code    16  bsp_sdfs_app.o(.text)
    Sd_fs_test                               0x08004119   Thumb Code   196  bsp_sdfs_app.o(.text)
    Sdfs_new                                 0x080041dd   Thumb Code    92  bsp_sdfs_app.o(.text)
    Sdfs_write                               0x08004239   Thumb Code    92  bsp_sdfs_app.o(.text)
    Sdfs_read                                0x08004295   Thumb Code   156  bsp_sdfs_app.o(.text)
    GetGBKCode_from_sd                       0x08004331   Thumb Code   104  bsp_sdfs_app.o(.text)
    Lcd_show_bmp                             0x080043e9   Thumb Code   308  bsp_bmp.o(.text)
    SPI_FLASH_Init                           0x08004535   Thumb Code   176  bsp_spi_flash.o(.text)
    SPI_FLASH_SendByte                       0x080045e5   Thumb Code    50  bsp_spi_flash.o(.text)
    SPI_FLASH_WaitForWriteEnd                0x08004617   Thumb Code    44  bsp_spi_flash.o(.text)
    SPI_FLASH_WriteEnable                    0x08004643   Thumb Code    26  bsp_spi_flash.o(.text)
    SPI_FLASH_SectorErase                    0x0800465d   Thumb Code    62  bsp_spi_flash.o(.text)
    SPI_FLASH_BulkErase                      0x0800469b   Thumb Code    34  bsp_spi_flash.o(.text)
    SPI_FLASH_PageWrite                      0x080046bd   Thumb Code    92  bsp_spi_flash.o(.text)
    SPI_FLASH_BufferWrite                    0x08004719   Thumb Code   290  bsp_spi_flash.o(.text)
    SPI_FLASH_BufferRead                     0x0800483b   Thumb Code    76  bsp_spi_flash.o(.text)
    SPI_FLASH_ReadID                         0x08004887   Thumb Code    74  bsp_spi_flash.o(.text)
    SPI_FLASH_ReadDeviceID                   0x080048d1   Thumb Code    56  bsp_spi_flash.o(.text)
    SPI_FLASH_StartReadSequence              0x08004909   Thumb Code    42  bsp_spi_flash.o(.text)
    SPI_FLASH_ReadByte                       0x08004933   Thumb Code    18  bsp_spi_flash.o(.text)
    SPI_FLASH_SendHalfWord                   0x08004945   Thumb Code    48  bsp_spi_flash.o(.text)
    SPI_Flash_PowerDown                      0x08004975   Thumb Code    26  bsp_spi_flash.o(.text)
    SPI_Flash_WAKEUP                         0x0800498f   Thumb Code    26  bsp_spi_flash.o(.text)
    SysTick_Init                             0x080049b1   Thumb Code    90  bsp_systick.o(.text)
    Delay_us                                 0x08004a0b   Thumb Code    36  bsp_systick.o(.text)
    TimingDelay_Decrement                    0x08004a2f   Thumb Code    18  bsp_systick.o(.text)
    LED_GPIO_Config                          0x08004a55   Thumb Code    86  bsp_led.o(.text)
    GPIO_SPI_Config                          0x08004b27   Thumb Code   124  bsp_gpio_spi.o(.text)
    Touch_Init                               0x08004bad   Thumb Code     8  bsp_touch.o(.text)
    XPT2046_ReadAdc                          0x08004c8f   Thumb Code    16  bsp_touch.o(.text)
    DrawCross                                0x08004c9f   Thumb Code    52  bsp_touch.o(.text)
    Touch_GetAdXY                            0x08004cd3   Thumb Code    38  bsp_touch.o(.text)
    Read_2046                                0x08004cf9   Thumb Code   542  bsp_touch.o(.text)
    Read_2046_2                              0x08004f17   Thumb Code   318  bsp_touch.o(.text)
    Cal_touch_para                           0x08005055   Thumb Code   356  bsp_touch.o(.text)
    Touch_Calibrate                          0x080051b9   Thumb Code   916  bsp_touch.o(.text)
    Palette_Init                             0x0800554d   Thumb Code   194  bsp_touch.o(.text)
    Get_touch_point                          0x0800560f   Thumb Code   238  bsp_touch.o(.text)
    Palette_draw_point                       0x080056fd   Thumb Code   170  bsp_touch.o(.text)
    even_process                             0x080057e9   Thumb Code   620  even_process.o(.text)
    touch_process                            0x08005a55   Thumb Code   116  even_process.o(.text)
    DHT11_GPIO_Config                        0x08005c41   Thumb Code    50  bsp_dht11.o(.text)
    Read_DHT11                               0x08005d0d   Thumb Code   168  bsp_dht11.o(.text)
    GregorianDay                             0x08005db9   Thumb Code   146  bsp_date.o(.text)
    mktimev                                  0x08005e4b   Thumb Code   124  bsp_date.o(.text)
    to_tm                                    0x08005ec7   Thumb Code   194  bsp_date.o(.text)
    RTC_NVIC_Config                          0x08005f99   Thumb Code    42  bsp_rtc.o(.text)
    RTC_CheckAndConfig                       0x08005fc3   Thumb Code    26  bsp_rtc.o(.text)
    Time_Display                             0x08005fdd   Thumb Code   540  bsp_rtc.o(.text)
    Time_Show                                0x080061f9   Thumb Code    42  bsp_rtc.o(.text)
    disk_initialize                          0x080062c1   Thumb Code    26  diskio.o(.text)
    disk_status                              0x080062db   Thumb Code     6  diskio.o(.text)
    disk_read                                0x080062e1   Thumb Code    78  diskio.o(.text)
    disk_write                               0x0800632f   Thumb Code    78  diskio.o(.text)
    disk_ioctl                               0x0800637d   Thumb Code     6  diskio.o(.text)
    get_fattime                              0x08006383   Thumb Code     4  diskio.o(.text)
    clust2sect                               0x0800652d   Thumb Code    26  ff.o(.text)
    get_fat                                  0x08006547   Thumb Code   228  ff.o(.text)
    put_fat                                  0x0800662b   Thumb Code   314  ff.o(.text)
    gen_numname                              0x08006bbb   Thumb Code   168  ff.o(.text)
    f_mount                                  0x0800783d   Thumb Code    38  ff.o(.text)
    f_open                                   0x08007863   Thumb Code   382  ff.o(.text)
    f_read                                   0x080079e1   Thumb Code   458  ff.o(.text)
    f_write                                  0x08007bab   Thumb Code   524  ff.o(.text)
    f_sync                                   0x08007db7   Thumb Code   182  ff.o(.text)
    f_close                                  0x08007e6d   Thumb Code    22  ff.o(.text)
    f_lseek                                  0x08007e83   Thumb Code   432  ff.o(.text)
    f_opendir                                0x08008033   Thumb Code   114  ff.o(.text)
    f_readdir                                0x080080a5   Thumb Code    96  ff.o(.text)
    f_stat                                   0x08008105   Thumb Code    62  ff.o(.text)
    f_getfree                                0x08008143   Thumb Code   276  ff.o(.text)
    f_truncate                               0x08008257   Thumb Code   156  ff.o(.text)
    f_unlink                                 0x080082f3   Thumb Code   182  ff.o(.text)
    f_mkdir                                  0x080083a9   Thumb Code   388  ff.o(.text)
    f_chmod                                  0x0800852d   Thumb Code    88  ff.o(.text)
    f_utime                                  0x08008585   Thumb Code    90  ff.o(.text)
    f_rename                                 0x080085df   Thumb Code   292  ff.o(.text)
    ff_convert                               0x08008705   Thumb Code    70  ccsbcs.o(.text)
    ff_wtoupper                              0x0800874b   Thumb Code    46  ccsbcs.o(.text)
    __aeabi_memcpy                           0x08008785   Thumb Code    36  memcpya.o(.text)
    __aeabi_memcpy4                          0x08008785   Thumb Code     0  memcpya.o(.text)
    __aeabi_memcpy8                          0x08008785   Thumb Code     0  memcpya.o(.text)
    __aeabi_memset                           0x080087a9   Thumb Code    14  memseta.o(.text)
    __aeabi_memset4                          0x080087a9   Thumb Code     0  memseta.o(.text)
    __aeabi_memset8                          0x080087a9   Thumb Code     0  memseta.o(.text)
    __aeabi_memclr                           0x080087b7   Thumb Code     4  memseta.o(.text)
    __aeabi_memclr4                          0x080087b7   Thumb Code     0  memseta.o(.text)
    __aeabi_memclr8                          0x080087b7   Thumb Code     0  memseta.o(.text)
    _memset$wrapper                          0x080087bb   Thumb Code    18  memseta.o(.text)
    strlen                                   0x080087cd   Thumb Code    14  strlen.o(.text)
    __aeabi_dadd                             0x080087db   Thumb Code   322  dadd.o(.text)
    __aeabi_dsub                             0x0800891d   Thumb Code     6  dadd.o(.text)
    __aeabi_drsub                            0x08008923   Thumb Code     6  dadd.o(.text)
    __aeabi_dmul                             0x08008929   Thumb Code   228  dmul.o(.text)
    __aeabi_ddiv                             0x08008a0d   Thumb Code   222  ddiv.o(.text)
    __aeabi_i2d                              0x08008aeb   Thumb Code    34  dflti.o(.text)
    __aeabi_ui2d                             0x08008b0d   Thumb Code    26  dfltui.o(.text)
    __aeabi_d2uiz                            0x08008b27   Thumb Code    50  dfixui.o(.text)
    __aeabi_cdcmpeq                          0x08008b59   Thumb Code     0  cdcmple.o(.text)
    __aeabi_cdcmple                          0x08008b59   Thumb Code    38  cdcmple.o(.text)
    __aeabi_uidiv                            0x08008b81   Thumb Code     0  uidiv.o(.text)
    __aeabi_uidivmod                         0x08008b81   Thumb Code    44  uidiv.o(.text)
    __aeabi_uldivmod                         0x08008bad   Thumb Code    98  uldiv.o(.text)
    __aeabi_llsl                             0x08008c0f   Thumb Code    30  llshl.o(.text)
    _ll_shift_l                              0x08008c0f   Thumb Code     0  llshl.o(.text)
    __aeabi_llsr                             0x08008c2d   Thumb Code    32  llushr.o(.text)
    _ll_ushift_r                             0x08008c2d   Thumb Code     0  llushr.o(.text)
    __aeabi_lasr                             0x08008c4d   Thumb Code    36  llsshr.o(.text)
    _ll_sshift_r                             0x08008c4d   Thumb Code     0  llsshr.o(.text)
    __I$use$fp                               0x08008c71   Thumb Code     0  iusefp.o(.text)
    _double_round                            0x08008c71   Thumb Code    26  depilogue.o(.text)
    _double_epilogue                         0x08008c8b   Thumb Code   164  depilogue.o(.text)
    __aeabi_d2ulz                            0x08008d2f   Thumb Code    48  dfixul.o(.text)
    __aeabi_cdrcmple                         0x08008d61   Thumb Code    38  cdrcmple.o(.text)
    __scatterload                            0x08008d89   Thumb Code    28  init.o(.text)
    __scatterload_rt2                        0x08008d89   Thumb Code     0  init.o(.text)
    __decompress                             0x08008dad   Thumb Code     0  __dczerorl2.o(.text)
    __decompress1                            0x08008dad   Thumb Code    92  __dczerorl2.o(.text)
    __0printf                                0x08008e09   Thumb Code    22  printfa.o(i.__0printf)
    __1printf                                0x08008e09   Thumb Code     0  printfa.o(i.__0printf)
    __2printf                                0x08008e09   Thumb Code     0  printfa.o(i.__0printf)
    __c89printf                              0x08008e09   Thumb Code     0  printfa.o(i.__0printf)
    printf                                   0x08008e09   Thumb Code     0  printfa.o(i.__0printf)
    __0sprintf                               0x08008e29   Thumb Code    34  printfa.o(i.__0sprintf)
    __1sprintf                               0x08008e29   Thumb Code     0  printfa.o(i.__0sprintf)
    __2sprintf                               0x08008e29   Thumb Code     0  printfa.o(i.__0sprintf)
    __c89sprintf                             0x08008e29   Thumb Code     0  printfa.o(i.__0sprintf)
    sprintf                                  0x08008e29   Thumb Code     0  printfa.o(i.__0sprintf)
    __scatterload_copy                       0x08008e51   Thumb Code    14  handlers.o(i.__scatterload_copy)
    __scatterload_null                       0x08008e5f   Thumb Code     2  handlers.o(i.__scatterload_null)
    __scatterload_zeroinit                   0x08008e61   Thumb Code    14  handlers.o(i.__scatterload_zeroinit)
    asc2_1206                                0x0800971c   Data        1140  bsp_ili9341_lcd.o(.constdata)
    Region$$Table$$Base                      0x0800a16c   Number         0  anon$$obj.o(Region$$Table)
    Region$$Table$$Limit                     0x0800a18c   Number         0  anon$$obj.o(Region$$Table)
    SystemCoreClock                          0x20000000   Data           4  system_stm32f10x.o(.data)
    AHBPrescTable                            0x20000004   Data          16  system_stm32f10x.o(.data)
    textFileBuffer                           0x20000028   Data          27  main.o(.data)
    res                                      0x20000043   Data           1  main.o(.data)
    br                                       0x20000044   Data           4  main.o(.data)
    bw                                       0x20000048   Data           4  main.o(.data)
    DHT11_Data                               0x2000004c   Data           5  main.o(.data)
    touch_flag                               0x20000051   Data           1  stm32f10x_it.o(.data)
    recv_char                                0x20000052   Data           1  bsp_usart1.o(.data)
    StopCondition                            0x2000005c   Data           4  bsp_sdio_sdcard.o(.data)
    TransferError                            0x20000060   Data           1  bsp_sdio_sdcard.o(.data)
    TransferEnd                              0x20000064   Data           4  bsp_sdio_sdcard.o(.data)
    mystring                                 0x20000068   Data         512  bsp_sdfs_app.o(.data)
    mya                                      0x20000268   Data           4  bsp_sdfs_app.o(.data)
    mypath                                   0x2000026c   Data         512  bsp_sdfs_app.o(.data)
    myres                                    0x2000046c   Data           1  bsp_sdfs_app.o(.data)
    mybr                                     0x20000470   Data           4  bsp_sdfs_app.o(.data)
    mybw                                     0x20000474   Data           4  bsp_sdfs_app.o(.data)
    bmpres                                   0x20000478   Data           1  bsp_bmp.o(.data)
    aa1                                      0x20000480   Data           8  bsp_touch.o(.data)
    bb1                                      0x20000488   Data           8  bsp_touch.o(.data)
    cc1                                      0x20000490   Data           8  bsp_touch.o(.data)
    aa2                                      0x20000498   Data           8  bsp_touch.o(.data)
    bb2                                      0x200004a0   Data           8  bsp_touch.o(.data)
    cc2                                      0x200004a8   Data           8  bsp_touch.o(.data)
    cal_p                                    0x200004b0   Data          48  bsp_touch.o(.data)
    cal_flag                                 0x200004e0   Data           1  bsp_touch.o(.data)
    DisplaySample                            0x200004e2   Data          16  bsp_touch.o(.data)
    display                                  0x200004fc   Data           4  bsp_touch.o(.data)
    even                                     0x20000500   Data           1  even_process.o(.data)
    red_button                               0x20000501   Data           1  even_process.o(.data)
    green_button                             0x20000502   Data           1  even_process.o(.data)
    yellow_button                            0x20000503   Data           1  even_process.o(.data)
    a                                        0x20000534   Data          10  bsp_rtc.o(.data)
    TimeDisplay                              0x20000540   Data           4  bsp_rtc.o(.data)
    WEEK_STR                                 0x20000544   Data          28  bsp_rtc.o(.data)
    zodiac_sign                              0x20000560   Data          48  bsp_rtc.o(.data)
    __stdout                                 0x20000598   Data           4  stdout.o(.data)
    fnew                                     0x2000059c   Data         548  main.o(.bss)
    fs                                       0x200007c0   Data         560  main.o(.bss)
    systmtime                                0x200009f0   Data          28  main.o(.bss)
    SDCardInfo                               0x20000a3c   Data          80  bsp_sdio_sdcard.o(.bss)
    SDIO_InitStructure                       0x20000a8c   Data          24  bsp_sdio_sdcard.o(.bss)
    SDIO_CmdInitStructure                    0x20000aa4   Data          20  bsp_sdio_sdcard.o(.bss)
    SDIO_DataInitStructure                   0x20000ab8   Data          24  bsp_sdio_sdcard.o(.bss)
    myfs                                     0x20000ad0   Data        1120  bsp_sdfs_app.o(.bss)
    myfsrc                                   0x20000f30   Data         548  bsp_sdfs_app.o(.bss)
    myfdst                                   0x20001154   Data         548  bsp_sdfs_app.o(.bss)
    mybuffer                                 0x20001378   Data         512  bsp_sdfs_app.o(.bss)
    my_latest_buffer                         0x20001578   Data         512  bsp_sdfs_app.o(.bss)
    pColorData                               0x20001778   Data         960  bsp_bmp.o(.bss)
    bmpfs                                    0x20001b38   Data        1120  bsp_bmp.o(.bss)
    bmpfsrc                                  0x20001f98   Data         548  bsp_bmp.o(.bss)
    bmpfdst                                  0x200021bc   Data         548  bsp_bmp.o(.bss)
    ScreenSample                             0x200023e0   Data          16  bsp_touch.o(.bss)
    touch_para                               0x200023f0   Data          56  bsp_touch.o(.bss)
    s1                                       0x20002428   Data          20  bsp_rtc.o(.bss)
    s2                                       0x2000243c   Data          20  bsp_rtc.o(.bss)
    s3                                       0x20002450   Data          20  bsp_rtc.o(.bss)
    __initial_sp                             0x20003368   Data           0  startup_stm32f10x_hd.o(STACK)



==============================================================================

Memory Map of the image

  Image Entry point : 0x08000131

  Load Region LR_IROM1 (Base: 0x08000000, Size: 0x0000a728, Max: 0x00080000, ABSOLUTE, COMPRESSED[0x0000a258])

    Execution Region ER_IROM1 (Base: 0x08000000, Size: 0x0000a18c, Max: 0x00080000, ABSOLUTE)

    Base Addr    Size         Type   Attr      Idx    E Section Name        Object

    0x08000000   0x00000130   Data   RO            3    RESET               startup_stm32f10x_hd.o
    0x08000130   0x00000000   Code   RO          962  * .ARM.Collect$$$$00000000  mc_w.l(entry.o)
    0x08000130   0x00000004   Code   RO         1248    .ARM.Collect$$$$00000001  mc_w.l(entry2.o)
    0x08000134   0x00000004   Code   RO         1251    .ARM.Collect$$$$00000004  mc_w.l(entry5.o)
    0x08000138   0x00000000   Code   RO         1253    .ARM.Collect$$$$00000008  mc_w.l(entry7b.o)
    0x08000138   0x00000000   Code   RO         1255    .ARM.Collect$$$$0000000A  mc_w.l(entry8b.o)
    0x08000138   0x00000008   Code   RO         1256    .ARM.Collect$$$$0000000B  mc_w.l(entry9a.o)
    0x08000140   0x00000000   Code   RO         1258    .ARM.Collect$$$$0000000D  mc_w.l(entry10a.o)
    0x08000140   0x00000000   Code   RO         1260    .ARM.Collect$$$$0000000F  mc_w.l(entry11a.o)
    0x08000140   0x00000004   Code   RO         1249    .ARM.Collect$$$$00002712  mc_w.l(entry2.o)
    0x08000144   0x00000024   Code   RO            4    .text               startup_stm32f10x_hd.o
    0x08000168   0x000001dc   Code   RO           24    .text               system_stm32f10x.o
    0x08000344   0x000000dc   Code   RO           85    .text               misc.o
    0x08000420   0x00000250   Code   RO          203    .text               stm32f10x_dma.o
    0x08000670   0x0000011c   Code   RO          215    .text               stm32f10x_exti.o
    0x0800078c   0x00000618   Code   RO          242    .text               stm32f10x_fsmc.o
    0x08000da4   0x00000358   Code   RO          254    .text               stm32f10x_gpio.o
    0x080010fc   0x000003a4   Code   RO          311    .text               stm32f10x_rcc.o
    0x080014a0   0x00000144   Code   RO          325    .text               stm32f10x_rtc.o
    0x080015e4   0x000001d8   Code   RO          337    .text               stm32f10x_sdio.o
    0x080017bc   0x0000030c   Code   RO          349    .text               stm32f10x_spi.o
    0x08001ac8   0x00000408   Code   RO          376    .text               stm32f10x_usart.o
    0x08001ed0   0x00000130   Code   RO          403    .text               main.o
    0x08002000   0x0000008c   Code   RO          532    .text               stm32f10x_it.o
    0x0800208c   0x000001dc   Code   RO          551    .text               bsp_usart1.o
    0x08002268   0x00001690   Code   RO          567    .text               bsp_sdio_sdcard.o
    0x080038f8   0x00000810   Code   RO          589    .text               bsp_ili9341_lcd.o
    0x08004108   0x000002dc   Code   RO          619    .text               bsp_sdfs_app.o
    0x080043e4   0x00000150   Code   RO          644    .text               bsp_bmp.o
    0x08004534   0x0000047c   Code   RO          669    .text               bsp_spi_flash.o
    0x080049b0   0x000000a4   Code   RO          684    .text               bsp_systick.o
    0x08004a54   0x00000060   Code   RO          705    .text               bsp_led.o
    0x08004ab4   0x000000f8   Code   RO          720    .text               bsp_gpio_spi.o
    0x08004bac   0x00000c3c   Code   RO          735    .text               bsp_touch.o
    0x080057e8   0x00000458   Code   RO          761    .text               even_process.o
    0x08005c40   0x00000178   Code   RO          849    .text               bsp_dht11.o
    0x08005db8   0x000001e0   Code   RO          864    .text               bsp_date.o
    0x08005f98   0x00000328   Code   RO          882    .text               bsp_rtc.o
    0x080062c0   0x000000c6   Code   RO          903    .text               diskio.o
    0x08006386   0x00000002   PAD
    0x08006388   0x0000237a   Code   RO          924    .text               ff.o
    0x08008702   0x00000002   PAD
    0x08008704   0x00000080   Code   RO          939    .text               ccsbcs.o
    0x08008784   0x00000024   Code   RO          965    .text               mc_w.l(memcpya.o)
    0x080087a8   0x00000024   Code   RO          967    .text               mc_w.l(memseta.o)
    0x080087cc   0x0000000e   Code   RO          969    .text               mc_w.l(strlen.o)
    0x080087da   0x0000014e   Code   RO         1234    .text               mf_w.l(dadd.o)
    0x08008928   0x000000e4   Code   RO         1236    .text               mf_w.l(dmul.o)
    0x08008a0c   0x000000de   Code   RO         1238    .text               mf_w.l(ddiv.o)
    0x08008aea   0x00000022   Code   RO         1240    .text               mf_w.l(dflti.o)
    0x08008b0c   0x0000001a   Code   RO         1242    .text               mf_w.l(dfltui.o)
    0x08008b26   0x00000032   Code   RO         1244    .text               mf_w.l(dfixui.o)
    0x08008b58   0x00000028   Code   RO         1246    .text               mf_w.l(cdcmple.o)
    0x08008b80   0x0000002c   Code   RO         1263    .text               mc_w.l(uidiv.o)
    0x08008bac   0x00000062   Code   RO         1265    .text               mc_w.l(uldiv.o)
    0x08008c0e   0x0000001e   Code   RO         1267    .text               mc_w.l(llshl.o)
    0x08008c2c   0x00000020   Code   RO         1269    .text               mc_w.l(llushr.o)
    0x08008c4c   0x00000024   Code   RO         1271    .text               mc_w.l(llsshr.o)
    0x08008c70   0x00000000   Code   RO         1273    .text               mc_w.l(iusefp.o)
    0x08008c70   0x000000be   Code   RO         1274    .text               mf_w.l(depilogue.o)
    0x08008d2e   0x00000030   Code   RO         1276    .text               mf_w.l(dfixul.o)
    0x08008d5e   0x00000002   PAD
    0x08008d60   0x00000028   Code   RO         1278    .text               mf_w.l(cdrcmple.o)
    0x08008d88   0x00000024   Code   RO         1280    .text               mc_w.l(init.o)
    0x08008dac   0x0000005c   Code   RO         1290    .text               mc_w.l(__dczerorl2.o)
    0x08008e08   0x00000020   Code   RO         1206    i.__0printf         mc_w.l(printfa.o)
    0x08008e28   0x00000028   Code   RO         1208    i.__0sprintf        mc_w.l(printfa.o)
    0x08008e50   0x0000000e   Code   RO         1284    i.__scatterload_copy  mc_w.l(handlers.o)
    0x08008e5e   0x00000002   Code   RO         1285    i.__scatterload_null  mc_w.l(handlers.o)
    0x08008e60   0x0000000e   Code   RO         1286    i.__scatterload_zeroinit  mc_w.l(handlers.o)
    0x08008e6e   0x00000002   PAD
    0x08008e70   0x0000015c   Code   RO         1213    i._fp_digits        mc_w.l(printfa.o)
    0x08008fcc   0x000006f0   Code   RO         1214    i._printf_core      mc_w.l(printfa.o)
    0x080096bc   0x00000026   Code   RO         1215    i._printf_post_padding  mc_w.l(printfa.o)
    0x080096e2   0x00000030   Code   RO         1216    i._printf_pre_padding  mc_w.l(printfa.o)
    0x08009712   0x0000000a   Code   RO         1218    i._sputc            mc_w.l(printfa.o)
    0x0800971c   0x00000474   Data   RO          590    .constdata          bsp_ili9341_lcd.o
    0x08009b90   0x00000030   Data   RO          865    .constdata          bsp_date.o
    0x08009bc0   0x0000008d   Data   RO          925    .constdata          ff.o
    0x08009c4d   0x00000001   PAD
    0x08009c4e   0x000004c0   Data   RO          940    .constdata          ccsbcs.o
    0x0800a10e   0x0000005e   Data   RO          884    .conststring        bsp_rtc.o
    0x0800a16c   0x00000020   Data   RO         1282    Region$$Table       anon$$obj.o


    Execution Region RW_IRAM1 (Base: 0x20000000, Size: 0x00003368, Max: 0x00010000, ABSOLUTE, COMPRESSED[0x000000cc])

    Base Addr    Size         Type   Attr      Idx    E Section Name        Object

    0x20000000   0x00000014   Data   RW           25    .data               system_stm32f10x.o
    0x20000014   0x00000014   Data   RW          312    .data               stm32f10x_rcc.o
    0x20000028   0x00000029   Data   RW          405    .data               main.o
    0x20000051   0x00000001   Data   RW          533    .data               stm32f10x_it.o
    0x20000052   0x00000001   Data   RW          552    .data               bsp_usart1.o
    0x20000053   0x00000001   PAD
    0x20000054   0x00000014   Data   RW          569    .data               bsp_sdio_sdcard.o
    0x20000068   0x00000410   Data   RW          621    .data               bsp_sdfs_app.o
    0x20000478   0x00000001   Data   RW          646    .data               bsp_bmp.o
    0x20000479   0x00000003   PAD
    0x2000047c   0x00000004   Data   RW          685    .data               bsp_systick.o
    0x20000480   0x00000080   Data   RW          737    .data               bsp_touch.o
    0x20000500   0x00000004   Data   RW          762    .data               even_process.o
    0x20000504   0x00000030   Data   RW          866    .data               bsp_date.o
    0x20000534   0x0000005c   Data   RW          885    .data               bsp_rtc.o
    0x20000590   0x00000006   Data   RW          926    .data               ff.o
    0x20000596   0x00000002   PAD
    0x20000598   0x00000004   Data   RW         1262    .data               mc_w.l(stdout.o)
    0x2000059c   0x00000470   Zero   RW          404    .bss                main.o
    0x20000a0c   0x000000c4   Zero   RW          568    .bss                bsp_sdio_sdcard.o
    0x20000ad0   0x00000ca8   Zero   RW          620    .bss                bsp_sdfs_app.o
    0x20001778   0x00000c68   Zero   RW          645    .bss                bsp_bmp.o
    0x200023e0   0x00000048   Zero   RW          736    .bss                bsp_touch.o
    0x20002428   0x0000003c   Zero   RW          883    .bss                bsp_rtc.o
    0x20002464   0x00000004   PAD
    0x20002468   0x00000f00   Zero   RW            1    STACK               startup_stm32f10x_hd.o


==============================================================================

Image component sizes


      Code (inc. data)   RO Data    RW Data    ZI Data      Debug   Object Name

       336         24          0          1       3176       7053   bsp_bmp.o
       480         16         48         48          0       2297   bsp_date.o
       376          4          0          0          0       2399   bsp_dht11.o
       248         10          0          0          0        906   bsp_gpio_spi.o
      2064         26       1140          0          0       7312   bsp_ili9341_lcd.o
        96         10          0          0          0        522   bsp_led.o
       808        158         94         92         60       4941   bsp_rtc.o
       732         76          0       1040       3240       6120   bsp_sdfs_app.o
      5776        212          0         20        196      23104   bsp_sdio_sdcard.o
      1148         16          0          0          0       4940   bsp_spi_flash.o
       164         20          0          4          0      16681   bsp_systick.o
      3132        168          0        128         72       7018   bsp_touch.o
       476         94          0          1          0       1593   bsp_usart1.o
       128         12       1216          0          0       2041   ccsbcs.o
         0          0          0          0          0       4244   core_cm3.o
       198          0          0          0          0       9502   diskio.o
      1112        376          0          4          0       1770   even_process.o
      9082         50        141          6          0      24884   ff.o
       304         82          0         41       1136     227231   main.o
       220         20          0          0          0       1805   misc.o
        36          8        304          0       3840        880   startup_stm32f10x_hd.o
       592          8          0          0          0       4334   stm32f10x_dma.o
       284         10          0          0          0       2239   stm32f10x_exti.o
      1560         54          0          0          0       5347   stm32f10x_fsmc.o
       856         40          0          0          0       5649   stm32f10x_gpio.o
       140         26          0          1          0       2083   stm32f10x_it.o
       932         44          0         20          0       8820   stm32f10x_rcc.o
       324          4          0          0          0       2670   stm32f10x_rtc.o
       472         36          0          0          0       7092   stm32f10x_sdio.o
       780         14          0          0          0       6534   stm32f10x_spi.o
      1032         22          0          0          0       8376   stm32f10x_usart.o
       476         36          0         20          0     266055   system_stm32f10x.o

    ----------------------------------------------------------------------
     34368       1676       2976       1432      11724     676442   Object Totals
         0          0         32          0          0          0   (incl. Generated)
         4          0          1          6          4          0   (incl. Padding)

    ----------------------------------------------------------------------

      Code (inc. data)   RO Data    RW Data    ZI Data      Debug   Library Member Name

        92          0          0          0          0          0   __dczerorl2.o
         0          0          0          0          0          0   entry.o
         0          0          0          0          0          0   entry10a.o
         0          0          0          0          0          0   entry11a.o
         8          4          0          0          0          0   entry2.o
         4          0          0          0          0          0   entry5.o
         0          0          0          0          0          0   entry7b.o
         0          0          0          0          0          0   entry8b.o
         8          4          0          0          0          0   entry9a.o
        30          0          0          0          0          0   handlers.o
        36          8          0          0          0         68   init.o
         0          0          0          0          0          0   iusefp.o
        30          0          0          0          0         68   llshl.o
        36          0          0          0          0         68   llsshr.o
        32          0          0          0          0         68   llushr.o
        36          0          0          0          0         68   memcpya.o
        36          0          0          0          0        108   memseta.o
      2292         96          0          0          0        596   printfa.o
         0          0          0          4          0          0   stdout.o
        14          0          0          0          0         68   strlen.o
        44          0          0          0          0         80   uidiv.o
        98          0          0          0          0         92   uldiv.o
        40          2          0          0          0         68   cdcmple.o
        40          2          0          0          0         68   cdrcmple.o
       334          0          0          0          0        148   dadd.o
       222          0          0          0          0        100   ddiv.o
       190          0          0          0          0        176   depilogue.o
        50          0          0          0          0         76   dfixui.o
        48          0          0          0          0         68   dfixul.o
        34          0          0          0          0         76   dflti.o
        26          0          0          0          0         76   dfltui.o
       228          0          0          0          0         96   dmul.o

    ----------------------------------------------------------------------
      4012        116          0          4          0       2236   Library Totals
         4          0          0          0          0          0   (incl. Padding)

    ----------------------------------------------------------------------

      Code (inc. data)   RO Data    RW Data    ZI Data      Debug   Library Name

      2796        112          0          4          0       1284   mc_w.l
      1212          4          0          0          0        952   mf_w.l

    ----------------------------------------------------------------------
      4012        116          0          4          0       2236   Library Totals

    ----------------------------------------------------------------------

==============================================================================


      Code (inc. data)   RO Data    RW Data    ZI Data      Debug   

     38380       1792       2976       1436      11724     674414   Grand Totals
     38380       1792       2976        204      11724     674414   ELF Image Totals (compressed)
     38380       1792       2976        204          0          0   ROM Totals

==============================================================================

    Total RO  Size (Code + RO Data)                41356 (  40.39kB)
    Total RW  Size (RW Data + ZI Data)             13160 (  12.85kB)
    Total ROM Size (Code + RO Data + RW Data)      41560 (  40.59kB)

==============================================================================

